
[TestGetGames - 1]
[]basketball.Event{
    {
        ID:             14210722,
        Tournament:     basketball.EventTournament{Name:"Euroleague"},
        HomeTeam:       basketball.EventTeam{Name:"Panathinaikos BC", ShortName:"Panathinaikos", Gender:"M"},
        AwayTeam:       basketball.EventTeam{Name:"Real Madrid", ShortName:"Real Madrid", Gender:"M"},
        StartTimestamp: 1770146100,
    },
    {
        ID:             14210728,
        Tournament:     basketball.EventTournament{Name:"Euroleague"},
        HomeTeam:       basketball.EventTeam{Name:"BC Dubai", ShortName:"", Gender:"M"},
        AwayTeam:       basketball.EventTeam{Name:"Real Madrid", ShortName:"Real Madrid", Gender:"M"},
        StartTimestamp: 1770307200,
    },
    {
        ID:             14491524,
        Tournament:     basketball.EventTournament{Name:"Liga ACB"},
        HomeTeam:       basketball.EventTeam{Name:"Real Madrid", ShortName:"Real Madrid", Gender:"M"},
        AwayTeam:       basketball.EventTeam{Name:"Fundación CB Granada", ShortName:"Granada", Gender:"M"},
        StartTimestamp: 1770566400,
    },
    {
        ID:             14210738,
        Tournament:     basketball.EventTournament{Name:"Euroleague"},
        HomeTeam:       basketball.EventTeam{Name:"KK Partizan Mozzart Bet", ShortName:"Partizan Mozzart", Gender:"M"},
        AwayTeam:       basketball.EventTeam{Name:"Real Madrid", ShortName:"Real Madrid", Gender:"M"},
        StartTimestamp: 1771011000,
    },
    {
        ID:             14491540,
        Tournament:     basketball.EventTournament{Name:"Liga ACB"},
        HomeTeam:       basketball.EventTeam{Name:"Unicaja Málaga", ShortName:"Unicaja", Gender:"M"},
        AwayTeam:       basketball.EventTeam{Name:"Real Madrid", ShortName:"Real Madrid", Gender:"M"},
        StartTimestamp: 1771178400,
    },
    {
        ID:             14210751,
        Tournament:     basketball.EventTournament{Name:"Euroleague"},
        HomeTeam:       basketball.EventTeam{Name:"Real Madrid", ShortName:"Real Madrid", Gender:"M"},
        AwayTeam:       basketball.EventTeam{Name:"Bayern München", ShortName:"Bayern", Gender:"M"},
        StartTimestamp: 1772135100,
    },
    {
        ID:             14210753,
        Tournament:     basketball.EventTournament{Name:"Euroleague"},
        HomeTeam:       basketball.EventTeam{Name:"Real Madrid", ShortName:"Real Madrid", Gender:"M"},
        AwayTeam:       basketball.EventTeam{Name:"Virtus Bologna", ShortName:"V. Bologna", Gender:"M"},
        StartTimestamp: 1772739900,
    },
    {
        ID:             14491547,
        Tournament:     basketball.EventTournament{Name:"Liga ACB"},
        HomeTeam:       basketball.EventTeam{Name:"Gran Canaria", ShortName:"Gran Canaria", Gender:"M"},
        AwayTeam:       basketball.EventTeam{Name:"Real Madrid", ShortName:"Real Madrid", Gender:"M"},
        StartTimestamp: 1772992800,
    },
    {
        ID:             14206328,
        Tournament:     basketball.EventTournament{Name:"Euroleague"},
        HomeTeam:       basketball.EventTeam{Name:"Real Madrid", ShortName:"Real Madrid", Gender:"M"},
        AwayTeam:       basketball.EventTeam{Name:"Valencia Basket", ShortName:"Valencia", Gender:"M"},
        StartTimestamp: 1773344700,
    },
    {
        ID:             14491560,
        Tournament:     basketball.EventTournament{Name:"Liga ACB"},
        HomeTeam:       basketball.EventTeam{Name:"Real Madrid", ShortName:"Real Madrid", Gender:"M"},
        AwayTeam:       basketball.EventTeam{Name:"Força Lleida CE", ShortName:"Lleida", Gender:"M"},
        StartTimestamp: 1773590400,
    },
    {
        ID:             14206349,
        Tournament:     basketball.EventTournament{Name:"Euroleague"},
        HomeTeam:       basketball.EventTeam{Name:"Kauno Žalgiris", ShortName:"Žalgiris", Gender:"M"},
        AwayTeam:       basketball.EventTeam{Name:"Real Madrid", ShortName:"Real Madrid", Gender:"M"},
        StartTimestamp: 1774029600,
    },
    {
        ID:             14491567,
        Tournament:     basketball.EventTournament{Name:"Liga ACB"},
        HomeTeam:       basketball.EventTeam{Name:"Barça Basket", ShortName:"Barça", Gender:"M"},
        AwayTeam:       basketball.EventTeam{Name:"Real Madrid", ShortName:"Real Madrid", Gender:"M"},
        StartTimestamp: 1774202400,
    },
    {
        ID:             14206359,
        Tournament:     basketball.EventTournament{Name:"Euroleague"},
        HomeTeam:       basketball.EventTeam{Name:"Real Madrid", ShortName:"Real Madrid", Gender:"M"},
        AwayTeam:       basketball.EventTeam{Name:"Hapoel Tel-Aviv", ShortName:"Hapoel TA", Gender:"M"},
        StartTimestamp: 1774382400,
    },
    {
        ID:             14210763,
        Tournament:     basketball.EventTournament{Name:"Euroleague"},
        HomeTeam:       basketball.EventTeam{Name:"Real Madrid", ShortName:"Real Madrid", Gender:"M"},
        AwayTeam:       basketball.EventTeam{Name:"Anadolu Efes", ShortName:"Anadolu Efes", Gender:"M"},
        StartTimestamp: 1774554300,
    },
    {
        ID:             14491580,
        Tournament:     basketball.EventTournament{Name:"Liga ACB"},
        HomeTeam:       basketball.EventTeam{Name:"Bàsquet Girona", ShortName:"Bàsquet Girona", Gender:"M"},
        AwayTeam:       basketball.EventTeam{Name:"Real Madrid", ShortName:"Real Madrid", Gender:"M"},
        StartTimestamp: 1774728000,
    },
    {
        ID:             14210776,
        Tournament:     basketball.EventTournament{Name:"Euroleague"},
        HomeTeam:       basketball.EventTeam{Name:"Saski Baskonia", ShortName:"Baskonia", Gender:"M"},
        AwayTeam:       basketball.EventTeam{Name:"Real Madrid", ShortName:"Real Madrid", Gender:"M"},
        StartTimestamp: 1775241000,
    },
    {
        ID:             14491598,
        Tournament:     basketball.EventTournament{Name:"Liga ACB"},
        HomeTeam:       basketball.EventTeam{Name:"Real Madrid", ShortName:"Real Madrid", Gender:"M"},
        AwayTeam:       basketball.EventTeam{Name:"MoraBanc Andorra", ShortName:"MB Andorra", Gender:"M"},
        StartTimestamp: 1775401200,
    },
    {
        ID:             14210781,
        Tournament:     basketball.EventTournament{Name:"Euroleague"},
        HomeTeam:       basketball.EventTeam{Name:"Olympiacos BC", ShortName:"Olympiacos", Gender:"M"},
        AwayTeam:       basketball.EventTeam{Name:"Real Madrid", ShortName:"Real Madrid", Gender:"M"},
        StartTimestamp: 1775585700,
    },
    {
        ID:             14210790,
        Tournament:     basketball.EventTournament{Name:"Euroleague"},
        HomeTeam:       basketball.EventTeam{Name:"Fenerbahçe Beko", ShortName:"Fenerbahçe", Gender:"M"},
        AwayTeam:       basketball.EventTeam{Name:"Real Madrid", ShortName:"Real Madrid", Gender:"M"},
        StartTimestamp: 1775756700,
    },
    {
        ID:             14491610,
        Tournament:     basketball.EventTournament{Name:"Liga ACB"},
        HomeTeam:       basketball.EventTeam{Name:"Hereda San Pablo Burgos", ShortName:"San Pablo", Gender:"M"},
        AwayTeam:       basketball.EventTeam{Name:"Real Madrid", ShortName:"Real Madrid", Gender:"M"},
        StartTimestamp: 1776013200,
    },
    {
        ID:             14210803,
        Tournament:     basketball.EventTournament{Name:"Euroleague"},
        HomeTeam:       basketball.EventTeam{Name:"Real Madrid", ShortName:"Real Madrid", Gender:"M"},
        AwayTeam:       basketball.EventTeam{Name:"KK Crvena zvezda", ShortName:"Crvena zvezda", Gender:"M"},
        StartTimestamp: 1776365100,
    },
    {
        ID:             14491622,
        Tournament:     basketball.EventTournament{Name:"Liga ACB"},
        HomeTeam:       basketball.EventTeam{Name:"Real Madrid", ShortName:"Real Madrid", Gender:"M"},
        AwayTeam:       basketball.EventTeam{Name:"La Laguna Tenerife", ShortName:"La Laguna Tenerife", Gender:"M"},
        StartTimestamp: 1776618000,
    },
    {
        ID:             14491638,
        Tournament:     basketball.EventTournament{Name:"Liga ACB"},
        HomeTeam:       basketball.EventTeam{Name:"Valencia Basket", ShortName:"Valencia", Gender:"M"},
        AwayTeam:       basketball.EventTeam{Name:"Real Madrid", ShortName:"Real Madrid", Gender:"M"},
        StartTimestamp: 1777222800,
    },
    {
        ID:             14491646,
        Tournament:     basketball.EventTournament{Name:"Liga ACB"},
        HomeTeam:       basketball.EventTeam{Name:"Real Madrid", ShortName:"Real Madrid", Gender:"M"},
        AwayTeam:       basketball.EventTeam{Name:"UCAM Murcia", ShortName:"UCAM Murcia", Gender:"M"},
        StartTimestamp: 1777820400,
    },
    {
        ID:             14491655,
        Tournament:     basketball.EventTournament{Name:"Liga ACB"},
        HomeTeam:       basketball.EventTeam{Name:"Real Madrid", ShortName:"Real Madrid", Gender:"M"},
        AwayTeam:       basketball.EventTeam{Name:"Río Breogán", ShortName:"Breogán", Gender:"M"},
        StartTimestamp: 1778425200,
    },
    {
        ID:             14491669,
        Tournament:     basketball.EventTournament{Name:"Liga ACB"},
        HomeTeam:       basketball.EventTeam{Name:"Surne Bilbao Basket", ShortName:"Bilbao Basket", Gender:"M"},
        AwayTeam:       basketball.EventTeam{Name:"Real Madrid", ShortName:"Real Madrid", Gender:"M"},
        StartTimestamp: 1778601600,
    },
    {
        ID:             14662389,
        Tournament:     basketball.EventTournament{Name:"Liga ACB"},
        HomeTeam:       basketball.EventTeam{Name:"Surne Bilbao Basket", ShortName:"Bilbao Basket", Gender:"M"},
        AwayTeam:       basketball.EventTeam{Name:"Real Madrid", ShortName:"Real Madrid", Gender:"M"},
        StartTimestamp: 1778781600,
    },
    {
        ID:             14491675,
        Tournament:     basketball.EventTournament{Name:"Liga ACB"},
        HomeTeam:       basketball.EventTeam{Name:"Real Madrid", ShortName:"Real Madrid", Gender:"M"},
        AwayTeam:       basketball.EventTeam{Name:"Club Joventut de Badalona", ShortName:"Joventut", Gender:"M"},
        StartTimestamp: 1779030000,
    },
    {
        ID:             14491685,
        Tournament:     basketball.EventTournament{Name:"Liga ACB"},
        HomeTeam:       basketball.EventTeam{Name:"Real Madrid", ShortName:"Real Madrid", Gender:"M"},
        AwayTeam:       basketball.EventTeam{Name:"Saski Baskonia", ShortName:"Baskonia", Gender:"M"},
        StartTimestamp: 1779642000,
    },
    {
        ID:             14491692,
        Tournament:     basketball.EventTournament{Name:"Liga ACB"},
        HomeTeam:       basketball.EventTeam{Name:"BAXI Manresa", ShortName:"Manresa", Gender:"M"},
        AwayTeam:       basketball.EventTeam{Name:"Real Madrid", ShortName:"Real Madrid", Gender:"M"},
        StartTimestamp: 1780063200,
    },
}
---
