
[TestGetGames - 1]
[]basketball.Event{
    {
        ID:             0xd8d6a2,
        Tournament:     basketball.EventTournament{Name:"Euroleague"},
        HomeTeam:       basketball.EventTeam{Name:"Panathinaikos BC", ShortName:"Panathinaikos", Gender:"M"},
        AwayTeam:       basketball.EventTeam{Name:"Real Madrid", ShortName:"Real Madrid", Gender:"M"},
        StartTimestamp: 0x69824934,
    },
    {
        ID:             0xd8d6a8,
        Tournament:     basketball.EventTournament{Name:"Euroleague"},
        HomeTeam:       basketball.EventTeam{Name:"BC Dubai", ShortName:"", Gender:"M"},
        AwayTeam:       basketball.EventTeam{Name:"Real Madrid", ShortName:"Real Madrid", Gender:"M"},
        StartTimestamp: 0x6984be80,
    },
    {
        ID:             0xdd1f84,
        Tournament:     basketball.EventTournament{Name:"Liga ACB"},
        HomeTeam:       basketball.EventTeam{Name:"Real Madrid", ShortName:"Real Madrid", Gender:"M"},
        AwayTeam:       basketball.EventTeam{Name:"Fundación CB Granada", ShortName:"Granada", Gender:"M"},
        StartTimestamp: 0x6988b300,
    },
    {
        ID:             0xd8d6b2,
        Tournament:     basketball.EventTournament{Name:"Euroleague"},
        HomeTeam:       basketball.EventTeam{Name:"KK Partizan Mozzart Bet", ShortName:"Partizan Mozzart", Gender:"M"},
        AwayTeam:       basketball.EventTeam{Name:"Real Madrid", ShortName:"Real Madrid", Gender:"M"},
        StartTimestamp: 0x698f7bb8,
    },
    {
        ID:             0xdd1f94,
        Tournament:     basketball.EventTournament{Name:"Liga ACB"},
        HomeTeam:       basketball.EventTeam{Name:"Unicaja Málaga", ShortName:"Unicaja", Gender:"M"},
        AwayTeam:       basketball.EventTeam{Name:"Real Madrid", ShortName:"Real Madrid", Gender:"M"},
        StartTimestamp: 0x699209a0,
    },
    {
        ID:             0xd8d6bf,
        Tournament:     basketball.EventTournament{Name:"Euroleague"},
        HomeTeam:       basketball.EventTeam{Name:"Real Madrid", ShortName:"Real Madrid", Gender:"M"},
        AwayTeam:       basketball.EventTeam{Name:"Bayern München", ShortName:"Bayern", Gender:"M"},
        StartTimestamp: 0x69a0a2bc,
    },
    {
        ID:             0xd8d6c1,
        Tournament:     basketball.EventTournament{Name:"Euroleague"},
        HomeTeam:       basketball.EventTeam{Name:"Real Madrid", ShortName:"Real Madrid", Gender:"M"},
        AwayTeam:       basketball.EventTeam{Name:"Virtus Bologna", ShortName:"V. Bologna", Gender:"M"},
        StartTimestamp: 0x69a9dd3c,
    },
    {
        ID:             0xdd1f9b,
        Tournament:     basketball.EventTournament{Name:"Liga ACB"},
        HomeTeam:       basketball.EventTeam{Name:"Gran Canaria", ShortName:"Gran Canaria", Gender:"M"},
        AwayTeam:       basketball.EventTeam{Name:"Real Madrid", ShortName:"Real Madrid", Gender:"M"},
        StartTimestamp: 0x69adb920,
    },
    {
        ID:             0xd8c578,
        Tournament:     basketball.EventTournament{Name:"Euroleague"},
        HomeTeam:       basketball.EventTeam{Name:"Real Madrid", ShortName:"Real Madrid", Gender:"M"},
        AwayTeam:       basketball.EventTeam{Name:"Valencia Basket", ShortName:"Valencia", Gender:"M"},
        StartTimestamp: 0x69b317bc,
    },
    {
        ID:             0xdd1fa8,
        Tournament:     basketball.EventTournament{Name:"Liga ACB"},
        HomeTeam:       basketball.EventTeam{Name:"Real Madrid", ShortName:"Real Madrid", Gender:"M"},
        AwayTeam:       basketball.EventTeam{Name:"Força Lleida CE", ShortName:"Lleida", Gender:"M"},
        StartTimestamp: 0x69b6d780,
    },
    {
        ID:             0xd8c58d,
        Tournament:     basketball.EventTournament{Name:"Euroleague"},
        HomeTeam:       basketball.EventTeam{Name:"Kauno Žalgiris", ShortName:"Žalgiris", Gender:"M"},
        AwayTeam:       basketball.EventTeam{Name:"Real Madrid", ShortName:"Real Madrid", Gender:"M"},
        StartTimestamp: 0x69bd8b20,
    },
    {
        ID:             0xdd1faf,
        Tournament:     basketball.EventTournament{Name:"Liga ACB"},
        HomeTeam:       basketball.EventTeam{Name:"Barça Basket", ShortName:"Barça", Gender:"M"},
        AwayTeam:       basketball.EventTeam{Name:"Real Madrid", ShortName:"Real Madrid", Gender:"M"},
        StartTimestamp: 0x69c02e20,
    },
    {
        ID:             0xd8c597,
        Tournament:     basketball.EventTournament{Name:"Euroleague"},
        HomeTeam:       basketball.EventTeam{Name:"Real Madrid", ShortName:"Real Madrid", Gender:"M"},
        AwayTeam:       basketball.EventTeam{Name:"Hapoel Tel-Aviv", ShortName:"Hapoel TA", Gender:"M"},
        StartTimestamp: 0x69c2ed40,
    },
    {
        ID:             0xd8d6cb,
        Tournament:     basketball.EventTournament{Name:"Euroleague"},
        HomeTeam:       basketball.EventTeam{Name:"Real Madrid", ShortName:"Real Madrid", Gender:"M"},
        AwayTeam:       basketball.EventTeam{Name:"Anadolu Efes", ShortName:"Anadolu Efes", Gender:"M"},
        StartTimestamp: 0x69c58cbc,
    },
    {
        ID:             0xdd1fbc,
        Tournament:     basketball.EventTournament{Name:"Liga ACB"},
        HomeTeam:       basketball.EventTeam{Name:"Bàsquet Girona", ShortName:"Bàsquet Girona", Gender:"M"},
        AwayTeam:       basketball.EventTeam{Name:"Real Madrid", ShortName:"Real Madrid", Gender:"M"},
        StartTimestamp: 0x69c83340,
    },
    {
        ID:             0xd8d6d8,
        Tournament:     basketball.EventTournament{Name:"Euroleague"},
        HomeTeam:       basketball.EventTeam{Name:"Saski Baskonia", ShortName:"Baskonia", Gender:"M"},
        AwayTeam:       basketball.EventTeam{Name:"Real Madrid", ShortName:"Real Madrid", Gender:"M"},
        StartTimestamp: 0x69d00728,
    },
    {
        ID:             0xdd1fce,
        Tournament:     basketball.EventTournament{Name:"Liga ACB"},
        HomeTeam:       basketball.EventTeam{Name:"Real Madrid", ShortName:"Real Madrid", Gender:"M"},
        AwayTeam:       basketball.EventTeam{Name:"MoraBanc Andorra", ShortName:"MB Andorra", Gender:"M"},
        StartTimestamp: 0x69d278f0,
    },
    {
        ID:             0xd8d6dd,
        Tournament:     basketball.EventTournament{Name:"Euroleague"},
        HomeTeam:       basketball.EventTeam{Name:"Olympiacos BC", ShortName:"Olympiacos", Gender:"M"},
        AwayTeam:       basketball.EventTeam{Name:"Real Madrid", ShortName:"Real Madrid", Gender:"M"},
        StartTimestamp: 0x69d549a4,
    },
    {
        ID:             0xd8d6e6,
        Tournament:     basketball.EventTournament{Name:"Euroleague"},
        HomeTeam:       basketball.EventTeam{Name:"Fenerbahçe Beko", ShortName:"Fenerbahçe", Gender:"M"},
        AwayTeam:       basketball.EventTeam{Name:"Real Madrid", ShortName:"Real Madrid", Gender:"M"},
        StartTimestamp: 0x69d7e59c,
    },
    {
        ID:             0xdd1fda,
        Tournament:     basketball.EventTournament{Name:"Liga ACB"},
        HomeTeam:       basketball.EventTeam{Name:"Hereda San Pablo Burgos", ShortName:"San Pablo", Gender:"M"},
        AwayTeam:       basketball.EventTeam{Name:"Real Madrid", ShortName:"Real Madrid", Gender:"M"},
        StartTimestamp: 0x69dbcf90,
    },
    {
        ID:             0xd8d6f3,
        Tournament:     basketball.EventTournament{Name:"Euroleague"},
        HomeTeam:       basketball.EventTeam{Name:"Real Madrid", ShortName:"Real Madrid", Gender:"M"},
        AwayTeam:       basketball.EventTeam{Name:"KK Crvena zvezda", ShortName:"Crvena zvezda", Gender:"M"},
        StartTimestamp: 0x69e12e2c,
    },
    {
        ID:             0xdd1fe6,
        Tournament:     basketball.EventTournament{Name:"Liga ACB"},
        HomeTeam:       basketball.EventTeam{Name:"Real Madrid", ShortName:"Real Madrid", Gender:"M"},
        AwayTeam:       basketball.EventTeam{Name:"La Laguna Tenerife", ShortName:"La Laguna Tenerife", Gender:"M"},
        StartTimestamp: 0x69e50a10,
    },
    {
        ID:             0xdd1ff6,
        Tournament:     basketball.EventTournament{Name:"Liga ACB"},
        HomeTeam:       basketball.EventTeam{Name:"Valencia Basket", ShortName:"Valencia", Gender:"M"},
        AwayTeam:       basketball.EventTeam{Name:"Real Madrid", ShortName:"Real Madrid", Gender:"M"},
        StartTimestamp: 0x69ee4490,
    },
    {
        ID:             0xdd1ffe,
        Tournament:     basketball.EventTournament{Name:"Liga ACB"},
        HomeTeam:       basketball.EventTeam{Name:"Real Madrid", ShortName:"Real Madrid", Gender:"M"},
        AwayTeam:       basketball.EventTeam{Name:"UCAM Murcia", ShortName:"UCAM Murcia", Gender:"M"},
        StartTimestamp: 0x69f762f0,
    },
    {
        ID:             0xdd2007,
        Tournament:     basketball.EventTournament{Name:"Liga ACB"},
        HomeTeam:       basketball.EventTeam{Name:"Real Madrid", ShortName:"Real Madrid", Gender:"M"},
        AwayTeam:       basketball.EventTeam{Name:"Río Breogán", ShortName:"Breogán", Gender:"M"},
        StartTimestamp: 0x6a009d70,
    },
    {
        ID:             0xdd2015,
        Tournament:     basketball.EventTournament{Name:"Liga ACB"},
        HomeTeam:       basketball.EventTeam{Name:"Surne Bilbao Basket", ShortName:"Bilbao Basket", Gender:"M"},
        AwayTeam:       basketball.EventTeam{Name:"Real Madrid", ShortName:"Real Madrid", Gender:"M"},
        StartTimestamp: 0x6a034e80,
    },
    {
        ID:             0xdfbaf5,
        Tournament:     basketball.EventTournament{Name:"Liga ACB"},
        HomeTeam:       basketball.EventTeam{Name:"Surne Bilbao Basket", ShortName:"Bilbao Basket", Gender:"M"},
        AwayTeam:       basketball.EventTeam{Name:"Real Madrid", ShortName:"Real Madrid", Gender:"M"},
        StartTimestamp: 0x6a060da0,
    },
    {
        ID:             0xdd201b,
        Tournament:     basketball.EventTournament{Name:"Liga ACB"},
        HomeTeam:       basketball.EventTeam{Name:"Real Madrid", ShortName:"Real Madrid", Gender:"M"},
        AwayTeam:       basketball.EventTeam{Name:"Club Joventut de Badalona", ShortName:"Joventut", Gender:"M"},
        StartTimestamp: 0x6a09d7f0,
    },
    {
        ID:             0xdd2025,
        Tournament:     basketball.EventTournament{Name:"Liga ACB"},
        HomeTeam:       basketball.EventTeam{Name:"Real Madrid", ShortName:"Real Madrid", Gender:"M"},
        AwayTeam:       basketball.EventTeam{Name:"Saski Baskonia", ShortName:"Baskonia", Gender:"M"},
        StartTimestamp: 0x6a132e90,
    },
    {
        ID:             0xdd202c,
        Tournament:     basketball.EventTournament{Name:"Liga ACB"},
        HomeTeam:       basketball.EventTeam{Name:"BAXI Manresa", ShortName:"Manresa", Gender:"M"},
        AwayTeam:       basketball.EventTeam{Name:"Real Madrid", ShortName:"Real Madrid", Gender:"M"},
        StartTimestamp: 0x6a199be0,
    },
}
---
